      +\"<span class=sf-dump-public title=\"Runtime added dynamic property\">noindex</span>\": <span class=sf-dump-num>98</span>
      +\"<span class=sf-dump-public title=\"Runtime added dynamic property\">no_rawat</span>\": \"<span class=sf-dump-str title=\"17 characters\">2026/09/11/000224</span>\"
      +\"<span class=sf-dump-public title=\"Runtime added dynamic property\">tgl_byr</span>\": \"<span class=sf-dump-str title=\"10 characters\">2026-09-14</span>\"
      +\"<span class=sf-dump-public title=\"Runtime added dynamic property\">no</span>\": \"\"
      +\"<span class=sf-dump-public title=\"Runtime added dynamic property\">nm_perawatan</span>\": \"<span class=sf-dump-str title=\"27 characters\">Total Obat Bersih : 876.495</span>\"
      +\"<span class=sf-dump-public title=\"Runtime added dynamic property\">pemisah</span>\": \"\"
      +\"<span class=sf-dump-public title=\"Runtime added dynamic property\">biaya</span>\": <span class=sf-dump-num>0.0</span>
      +\"<span class=sf-dump-public title=\"Runtime added dynamic property\">jumlah</span>\": <span class=sf-dump-num>0.0</span>
      +\"<span class=sf-dump-public title=\"Runtime added dynamic property\">tambahan</span>\": <span class=sf-dump-num>0.0</span>
      +\"<span class=sf-dump-public title=\"Runtime added dynamic property\">totalbiaya</span>\": <span class=sf-dump-num>0.0</span>
      +\"<span class=sf-dump-public title=\"Runtime added dynamic property\">status</span>\": \"<span class=sf-dump-str title=\"13 characters\">TtlRetur Obat</span>\"
    </samp>}
    <span class=sf-dump-index>99</span> => {<a class=sf-dump-ref>#983</a><samp data-depth=3 class=sf-dump-compact>
      +\"<span class=sf-dump-public title=\"Runtime added dynamic property\">noindex</span>\": <span class=sf-dump-num>99</span>
      +\"<span class=sf-dump-public title=\"Runtime added dynamic property\">no_rawat</span>\": \"<span class=sf-dump-str title=\"17 characters\">2026/09/11/000224</span>\"
      +\"<span class=sf-dump-public title=\"Runtime added dynamic property\">tgl_byr</span>\": \"<span class=sf-dump-str title=\"10 characters\">2026-09-14</span>\"
      +\"<span class=sf-dump-public title=\"Runtime added dynamic property\">no</span>\": \"<span class=sf-dump-str title=\"12 characters\">Resep Pulang</span>\"
      +\"<span class=sf-dump-public title=\"Runtime added dynamic property\">nm_perawatan</span>\": \"<span class=sf-dump-str>:</span>\"
      +\"<span class=sf-dump-public title=\"Runtime added dynamic property\">pemisah</span>\": \"\"
      +\"<span class=sf-dump-public title=\"Runtime added dynamic property\">biaya</span>\": <span class=sf-dump-num>0.0</span>
      +\"<span class=sf-dump-public title=\"Runtime added dynamic property\">jumlah</span>\": <span class=sf-dump-num>0.0</span>
      +\"<span class=sf-dump-public title=\"Runtime added dynamic property\">tambahan</span>\": <span class=sf-dump-num>0.0</span>
      +\"<span class=sf-dump-public title=\"Runtime added dynamic property\">totalbiaya</span>\": <span class=sf-dump-num>0.0</span>
      +\"<span class=sf-dump-public title=\"Runtime added dynamic property\">status</span>\": \"<span class=sf-dump-str title=\"12 characters\">Resep Pulang</span>\"
    </samp>}
    <span class=sf-dump-index>100</span> => {<a class=sf-dump-ref>#984</a><samp data-depth=3 class=sf-dump-compact>
      +\"<span class=sf-dump-public title=\"Runtime added dynamic property\">noindex</span>\": <span class=sf-dump-num>100</span>
      +\"<span class=sf-dump-public title=\"Runtime added dynamic property\">no_rawat</span>\": \"<span class=sf-dump-str title=\"17 characters\">2026/09/11/000224</span>\"
      +\"<span class=sf-dump-public title=\"Runtime added dynamic property\">tgl_byr</span>\": \"<span class=sf-dump-str title=\"10 characters\">2026-09-14</span>\"
      +\"<span class=sf-dump-public title=\"Runtime added dynamic property\">no</span>\": \"<span class=sf-dump-str title=\"14 characters\">Tambahan Biaya</span>\"
      +\"<span class=sf-dump-public title=\"Runtime added dynamic property\">nm_perawatan</span>\": \"<span class=sf-dump-str>:</span>\"
      +\"<span class=sf-dump-public title=\"Runtime added dynamic property\">pemisah</span>\": \"\"
      +\"<span class=sf-dump-public title=\"Runtime added dynamic property\">biaya</span>\": <span class=sf-dump-num>0.0</span>
      +\"<span class=sf-dump-public title=\"Runtime added dynamic property\">jumlah</span>\": <span class=sf-dump-num>0.0</span>
      +\"<span class=sf-dump-public title=\"Runtime added dynamic property\">tambahan</span>\": <span class=sf-dump-num>0.0</span>
      +\"<span class=sf-dump-public title=\"Runtime added dynamic property\">totalbiaya</span>\": <span class=sf-dump-num>0.0</span>
      +\"<span class=sf-dump-public title=\"Runtime added dynamic property\">status</span>\": \"<span class=sf-dump-str title=\"8 characters\">Tambahan</span>\"
    </samp>}
    <span class=sf-dump-index>101</span> => {<a class=sf-dump-ref>#985</a><samp data-depth=3 class=sf-dump-compact>
      +\"<span class=sf-dump-public title=\"Runtime added dynamic property\">noindex</span>\": <span class=sf-dump-num>101</span>
      +\"<span class=sf-dump-public title=\"Runtime added dynamic property\">no_rawat</span>\": \"<span class=sf-dump-str title=\"17 characters\">2026/09/11/000224</span>\"
      +\"<span class=sf-dump-public title=\"Runtime added dynamic property\">tgl_byr</span>\": \"<span class=sf-dump-str title=\"10 characters\">2026-09-14</span>\"
      +\"<span class=sf-dump-public title=\"Runtime added dynamic property\">no</span>\": \"<span class=sf-dump-str title=\"14 characters\">Potongan Biaya</span>\"
      +\"<span class=sf-dump-public title=\"Runtime added dynamic property\">nm_perawatan</span>\": \"<span class=sf-dump-str>:</span>\"
      +\"<span class=sf-dump-public title=\"Runtime added dynamic property\">pemisah</span>\": \"\"
      +\"<span class=sf-dump-public title=\"Runtime added dynamic property\">biaya</span>\": <span class=sf-dump-num>0.0</span>
      +\"<span class=sf-dump-public title=\"Runtime added dynamic property\">jumlah</span>\": <span class=sf-dump-num>0.0</span>
      +\"<span class=sf-dump-public title=\"Runtime added dynamic property\">tambahan</span>\": <span class=sf-dump-num>0.0</span>
      +\"<span class=sf-dump-public title=\"Runtime added dynamic property\">totalbiaya</span>\": <span class=sf-dump-num>0.0</span>
      +\"<span class=sf-dump-public title=\"Runtime added dynamic property\">status</span>\": \"<span class=sf-dump-str title=\"8 characters\">Potongan</span>\"
    </samp>}
  </samp>]
  #<span class=sf-dump-protected title=\"Protected property\">escapeWhenCastingToString</span>: <span class=sf-dump-const>false</span>
</samp>}
</pre><script>Sfdump(\"sf-dump-244065465\", {\"maxDepth\":3,\"maxStringLength\":160})</script>
","getLaborat":"<pre class=sf-dump id=sf-dump-676073962 data-indent-pad=\"  \"><span class=sf-dump-note>Illuminate\\Support\\Collection</span> {<a class=sf-dump-ref>#995</a><samp data-depth=1 class=sf-dump-expanded>
  #<span class=sf-dump-protected title=\"Protected property\">items</span>: <span class=sf-dump-note>array:2</span> [<samp data-depth=2 class=sf-dump-compact>
    <span class=sf-dump-index>0</span> => {<a class=sf-dump-ref>#1000</a><samp data-depth=3 class=sf-dump-compact>
      +\"<span class=sf-dump-public title=\"Runtime added dynamic property\">no_rawat</span>\": \"<span class=sf-dump-str title=\"17 characters\">2026/09/11/000224</span>\"
      +\"<span class=sf-dump-public title=\"Runtime added dynamic property\">no_rkm_medis</span>\": \"<span class=sf-dump-str title=\"6 characters\">326663</span>\"
      +\"<span class=sf-dump-public title=\"Runtime added dynamic property\">nm_pasien</span>\": \"<span class=sf-dump-str title=\"29 characters\">MUHAMMAD HANUN AR`RAUF SADDAM</span>\"
      +\"<span class=sf-dump-public title=\"Runtime added dynamic property\">jk</span>\": \"<span class=sf-dump-str>L</span>\"
      +\"<span class=sf-dump-public title=\"Runtime added dynamic property\">alamat</span>\": \"<span class=sf-dump-str title=\"43 characters\">JL RI KESUMA RATU GG PATIMURA GG JATI NO.01</span>\"
      +\"<span class=sf-dump-public title=\"Runtime added dynamic property\">umur</span>\": \"<span class=sf-dump-str title=\"14 characters\">5 Th 1 Bl 9 Hr</span>\"
      +\"<span class=sf-dump-public title=\"Runtime added dynamic property\">nama_petugas</span>\": \"<span class=sf-dump-str title=\"19 characters\">(LAB) Tri Rahmawati</span>\"
      +\"<span class=sf-dump-public title=\"Runtime added dynamic property\">nip</span>\": \"<span class=sf-dump-str title=\"10 characters\">0614010239</span>\"
      +\"<span class=sf-dump-public title=\"Runtime added dynamic property\">tgl_periksa</span>\": \"<span class=sf-dump-str title=\"10 characters\">2026-09-11</span>\"
      +\"<span class=sf-dump-public title=\"Runtime added dynamic property\">jam</span>\": \"<span class=sf-dump-str title=\"8 characters\">11:45:17</span>\"
      +\"<span class=sf-dump-public title=\"Runtime added dynamic property\">dokter_perujuk</span>\": \"<span class=sf-dump-str title=\"8 characters\">D0000064</span>\"
      +\"<span class=sf-dump-public title=\"Runtime added dynamic property\">kd_dokter</span>\": \"<span class=sf-dump-str title=\"8 characters\">D0000058</span>\"
      +\"<span class=sf-dump-public title=\"Runtime added dynamic property\">nm_dokter</span>\": \"<span class=sf-dump-str title=\"26 characters\">dr. Muhammad Nur, MSc.SpPK</span>\"
      +\"<span class=sf-dump-public title=\"Runtime added dynamic property\">nm_dokter_pj</span>\": \"<span class=sf-dump-str title=\"25 characters\">dr. Riona Sari, M.Sc, SpA</span>\"
      +\"<span class=sf-dump-public title=\"Runtime added dynamic property\">png_jawab</span>\": \"<span class=sf-dump-str title=\"4 characters\">BPJS</span>\"
      +\"<span class=sf-dump-public title=\"Runtime added dynamic property\">kd_kamar</span>\": \"<span class=sf-dump-str title=\"10 characters\">KELAS2-346</span>\"
      +\"<span class=sf-dump-public title=\"Runtime added dynamic property\">kd_bangsal</span>\": \"<span class=sf-dump-str title=\"3 characters\">RG3</span>\"
      +\"<span class=sf-dump-public title=\"Runtime added dynamic property\">nm_poli</span>\": \"<span class=sf-dump-str title=\"8 characters\">Unit IGD</span>\"
      +\"<span class=sf-dump-public title=\"Runtime added dynamic property\">nm_bangsal</span>\": \"<span class=sf-dump-str title=\"11 characters\">R. GARUDA 3</span>\"
      +\"<span class=sf-dump-public title=\"Runtime added dynamic property\">getPeriksaLab</span>\": <span class=sf-dump-note title=\"Illuminate\\Support\\Collection
\"><span class=\"sf-dump-ellipsis sf-dump-ellipsis-note\">Illuminate\\Support</span><span class=\"sf-dump-ellipsis sf-dump-ellipsis-note\">\\</span>Collection</span> {<a class=sf-dump-ref>#991</a> &#8230;2}
    </samp>}
    <span class=sf-dump-index>1</span> => {<a class=sf-dump-ref>#996</a><samp data-depth=3 class=sf-dump-compact>
      +\"<span class=sf-dump-public title=\"Runtime added dynamic property\">no_rawat</span>\": \"<span class=sf-dump-str title=\"17 characters\">2026/09/11/000224</span>\"
      +\"<span class=sf-dump-public title=\"Runtime added dynamic property\">no_rkm_medis</span>\": \"<span class=sf-dump-str title=\"6 characters\">326663</span>\"
      +\"<span class=sf-dump-public title=\"Runtime added dynamic property\">nm_pasien</span>\": \"<span class=sf-dump-str title=\"29 characters\">MUHAMMAD HANUN AR`RAUF SADDAM</span>\"
      +\"<span class=sf-dump-public title=\"Runtime added dynamic property\">jk</span>\": \"<span class=sf-dump-str>L</span>\"
      +\"<span class=sf-dump-public title=\"Runtime added dynamic property\">alamat</span>\": \"<span class=sf-dump-str title=\"43 characters\">JL RI KESUMA RATU GG PATIMURA GG JATI NO.01</span>\"
      +\"<span class=sf-dump-public title=\"Runtime added dynamic property\">umur</span>\": \"<span class=sf-dump-str title=\"14 characters\">5 Th 1 Bl 9 Hr</span>\"
      +\"<span class=sf-dump-public title=\"Runtime added dynamic property\">nama_petugas</span>\": \"<span class=sf-dump-str title=\"20 characters\">(LAB) Reski Pahdiani</span>\"
      +\"<span class=sf-dump-public title=\"Runtime added dynamic property\">nip</span>\": \"<span class=sf-dump-str title=\"12 characters\">0720.01.0506</span>\"
      +\"<span class=sf-dump-public title=\"Runtime added dynamic property\">tgl_periksa</span>\": \"<span class=sf-dump-str title=\"10 characters\">2026-09-11</span>\"
      +\"<span class=sf-dump-public title=\"Runtime added dynamic property\">jam</span>\": \"<span class=sf-dump-str title=\"8 characters\">07:31:44</span>\"
      +\"<span class=sf-dump-public title=\"Runtime added dynamic property\">dokter_perujuk</span>\": \"<span class=sf-dump-str title=\"8 characters\">D0000112</span>\"
      +\"<span class=sf-dump-public title=\"Runtime added dynamic property\">kd_dokter</span>\": \"<span class=sf-dump-str title=\"8 characters\">D0000058</span>\"
      +\"<span class=sf-dump-public title=\"Runtime added dynamic property\">nm_dokter</span>\": \"<span class=sf-dump-str title=\"26 characters\">dr. Muhammad Nur, MSc.SpPK</span>\"
      +\"<span class=sf-dump-public title=\"Runtime added dynamic property\">nm_dokter_pj</span>\": \"<span class=sf-dump-str title=\"20 characters\">dr. Hendro Prasetiyo</span>\"
      +\"<span class=sf-dump-public title=\"Runtime added dynamic property\">png_jawab</span>\": \"<span class=sf-dump-str title=\"4 characters\">BPJS</span>\"
      +\"<span class=sf-dump-public title=\"Runtime added dynamic property\">kd_kamar</span>\": \"<span class=sf-dump-str title=\"10 characters\">KELAS2-346</span>\"
      +\"<span class=sf-dump-public title=\"Runtime added dynamic property\">kd_bangsal</span>\": \"<span class=sf-dump-str title=\"3 characters\">RG3</span>\"
      +\"<span class=sf-dump-public title=\"Runtime added dynamic property\">nm_poli</span>\": \"<span class=sf-dump-str title=\"8 characters\">Unit IGD</span>\"
      +\"<span class=sf-dump-public title=\"Runtime added dynamic property\">nm_bangsal</span>\": \"<span class=sf-dump-str title=\"11 characters\">R. GARUDA 3</span>\"
      +\"<span class=sf-dump-public title=\"Runtime added dynamic property\">getPeriksaLab</span>\": <span class=sf-dump-note title=\"Illuminate\\Support\\Collection
\"><span class=\"sf-dump-ellipsis sf-dump-ellipsis-note\">Illuminate\\Support</span><span class=\"sf-dump-ellipsis sf-dump-ellipsis-note\">\\</span>Collection</span> {<a class=sf-dump-ref>#994</a> &#8230;2}
    </samp>}
  </samp>]
  #<span class=sf-dump-protected title=\"Protected property\">escapeWhenCastingToString</span>: <span class=sf-dump-const>false</span>
</samp>}
</pre><script>Sfdump(\"sf-dump-676073962\", {\"maxDepth\":3,\"maxStringLength\":160})</script>
","getRadiologi":"<pre class=sf-dump id=sf-dump-634940967 data-indent-pad=\"  \"><span class=sf-dump-note>Illuminate\\Support\\Collection</span> {<a class=sf-dump-ref>#1025</a><samp data-depth=1 class=sf-dump-expanded>
  #<span class=sf-dump-protected title=\"Protected property\">items</span>: <span class=sf-dump-note>array:1</span> [<samp data-depth=2 class=sf-dump-compact>
    <span class=sf-dump-index>0</span> => {<a class=sf-dump-ref>#1026</a><samp data-depth=3 class=sf-dump-compact>
      +\"<span class=sf-dump-public title=\"Runtime added dynamic property\">no_rawat</span>\": \"<span class=sf-dump-str title=\"17 characters\">2026/09/11/000224</span>\"
      +\"<span class=sf-dump-public title=\"Runtime added dynamic property\">tgl_periksa</span>\": \"<span class=sf-dump-str title=\"10 characters\">2026-09-11</span>\"
      +\"<span class=sf-dump-public title=\"Runtime added dynamic property\">jam</span>\": \"<span class=sf-dump-str title=\"8 characters\">11:23:34</span>\"
      +\"<span class=sf-dump-public title=\"Runtime added dynamic property\">hasil</span>\": \"\"\"
        <span class=sf-dump-str title=\"366 characters\">Sejawat yang terhormat, <span class=\"sf-dump-default sf-dump-ns\">\\n</span></span>
        <span class=sf-dump-str title=\"366 characters\">Hasil pemeriksaan :<span class=\"sf-dump-default sf-dump-ns\">\\n</span></span>
        <span class=sf-dump-str title=\"366 characters\"><span class=\"sf-dump-default sf-dump-ns\">\\n</span></span>
        <span class=sf-dump-str title=\"366 characters\">THORAX<span class=\"sf-dump-default\">\\t</span>:<span class=\"sf-dump-default sf-dump-ns\">\\n</span></span>
        <span class=sf-dump-str title=\"366 characters\"><span class=\"sf-dump-default\">\\t</span>Jantung <span class=\"sf-dump-default\">\\t\\t</span>: Bentuk normal.<span class=\"sf-dump-default sf-dump-ns\">\\n</span></span>
        <span class=sf-dump-str title=\"366 characters\"><span class=\"sf-dump-default\">\\t\\t\\t</span>  CTR &lt; 0,5<span class=\"sf-dump-default sf-dump-ns\">\\n</span></span>
        <span class=sf-dump-str title=\"366 characters\"><span class=\"sf-dump-default\">\\t</span>Pulmo <span class=\"sf-dump-default\">\\t\\t</span>: Corakan bronchovasculer bertambah<span class=\"sf-dump-default sf-dump-ns\">\\n</span></span>
        <span class=sf-dump-str title=\"366 characters\"><span class=\"sf-dump-default\">\\t\\t\\t</span>  Kedua apex bersih,<span class=\"sf-dump-default sf-dump-ns\">\\n</span></span>
        <span class=sf-dump-str title=\"366 characters\"><span class=\"sf-dump-default\">\\t\\t\\t</span>  Tampak infiltrate &amp; pemadatan perihiler<span class=\"sf-dump-default sf-dump-ns\">\\n</span></span>
        <span class=sf-dump-str title=\"366 characters\"><span class=\"sf-dump-default\">\\t\\t\\t</span>  Sinus costofrenicus kanan kiri lancip,<span class=\"sf-dump-default sf-dump-ns\">\\n</span></span>
        <span class=sf-dump-str title=\"366 characters\"><span class=\"sf-dump-default\">\\t\\t\\t</span>  Diafragma kanan kiri licin <span class=\"sf-dump-default sf-dump-ns\">\\n</span></span>
        <span class=sf-dump-str title=\"366 characters\"><span class=\"sf-dump-default sf-dump-ns\">\\n</span></span>
        <span class=sf-dump-str title=\"366 characters\"><span class=\"sf-dump-default\">\\t</span>Kesan <span class=\"sf-dump-default\">\\t\\t</span>:       <span class=\"sf-dump-default sf-dump-ns\">\\n</span></span>
        <span class=sf-dump-str title=\"366 characters\"><span class=\"sf-dump-default sf-dump-ns\">\\n</span></span>
        <span class=sf-dump-str title=\"366 characters\"><span class=\"sf-dump-default\">\\t\\t\\t</span>- Besar cor normal.<span class=\"sf-dump-default sf-dump-ns\">\\n</span></span>
        <span class=sf-dump-str title=\"366 characters\"><span class=\"sf-dump-default\">\\t\\t\\t</span>- Bronchopneumonia dengan TB<span class=\"sf-dump-default sf-dump-ns\">\\n</span></span>
        <span class=sf-dump-str title=\"366 characters\"><span class=\"sf-dump-default sf-dump-ns\">\\n</span></span>
        <span class=sf-dump-str title=\"366 characters\"><span class=\"sf-dump-default sf-dump-ns\">\\n</span></span>
        \"\"\"
      +\"<span class=sf-dump-public title=\"Runtime added dynamic property\">no_rkm_medis</span>\": \"<span class=sf-dump-str title=\"6 characters\">326663</span>\"
      +\"<span class=sf-dump-public title=\"Runtime added dynamic property\">kd_dokter</span>\": \"<span class=sf-dump-str title=\"8 characters\">D0000112</span>\"
      +\"<span class=sf-dump-public title=\"Runtime added dynamic property\">nm_pasien</span>\": \"<span class=sf-dump-str title=\"29 characters\">MUHAMMAD HANUN AR`RAUF SADDAM</span>\"
      +\"<span class=sf-dump-public title=\"Runtime added dynamic property\">jk</span>\": \"<span class=sf-dump-str>L</span>\"
      +\"<span class=sf-dump-public title=\"Runtime added dynamic property\">umur</span>\": \"<span class=sf-dump-str title=\"14 characters\">5 Th 1 Bl 9 Hr</span>\"
      +\"<span class=sf-dump-public title=\"Runtime added dynamic property\">alamat</span>\": \"<span class=sf-dump-str title=\"43 characters\">JL RI KESUMA RATU GG PATIMURA GG JATI NO.01</span>\"
      +\"<span class=sf-dump-public title=\"Runtime added dynamic property\">nm_dokter</span>\": \"<span class=sf-dump-str title=\"20 characters\">dr. Hendro Prasetiyo</span>\"
      +\"<span class=sf-dump-public title=\"Runtime added dynamic property\">kd_kamar</span>\": \"<span class=sf-dump-str title=\"10 characters\">KELAS2-346</span>\"
      +\"<span class=sf-dump-public title=\"Runtime added dynamic property\">nm_bangsal</span>\": \"<span class=sf-dump-str title=\"11 characters\">R. GARUDA 3</span>\"
      +\"<span class=sf-dump-public title=\"Runtime added dynamic property\">nm_poli</span>\": \"<span class=sf-dump-str title=\"8 characters\">Unit IGD</span>\"
      +\"<span class=sf-dump-public title=\"Runtime added dynamic property\">nip</span>\": \"<span class=sf-dump-str title=\"9 characters\">924010711</span>\"
      +\"<span class=sf-dump-public title=\"Runtime added dynamic property\">kd_dokter_pj</span>\": \"<span class=sf-dump-str title=\"8 characters\">D0000017</span>\"
      +\"<span class=sf-dump-public title=\"Runtime added dynamic property\">nm_dokter_pj</span>\": \"<span class=sf-dump-str title=\"20 characters\">dr. Karyanto, Sp.Rad</span>\"
      +\"<span class=sf-dump-public title=\"Runtime added dynamic property\">nm_perawatan</span>\": \"<span class=sf-dump-str title=\"22 characters\">Thorax (18 cm x 24 cm)</span>\"
      +\"<span class=sf-dump-public title=\"Runtime added dynamic property\">nama_pegawai</span>\": \"<span class=sf-dump-str title=\"33 characters\">(RGF) Annisya Hauda Lika Oksabila</span>\"
    </samp>}
  </samp>]
  #<span class=sf-dump-protected title=\"Protected property\">escapeWhenCastingToString</span>: <span class=sf-dump-const>false</span>
</samp>}
</pre><script>Sfdump(\"sf-dump-634940967\", {\"maxDepth\":3,\"maxStringLength\":160})</script>
","awalMedis":"<pre class=sf-dump id=sf-dump-593098045 data-indent-pad=\"  \"><span class=sf-dump-const>null</span>
</pre><script>Sfdump(\"sf-dump-593098045\", {\"maxDepth\":3,\"maxStringLength\":160})</script>
","getSudartKematian":"<pre class=sf-dump id=sf-dump-1498963339 data-indent-pad=\"  \"><span class=sf-dump-const>null</span>
</pre><script>Sfdump(\"sf-dump-1498963339\", {\"maxDepth\":3,\"maxStringLength\":160})</script>
","getLaporanOprasi":"<pre class=sf-dump id=sf-dump-601253695 data-indent-pad=\"  \"><span class=sf-dump-note>Illuminate\\Support\\Collection</span> {<a class=sf-dump-ref>#1047</a><samp data-depth=1 class=sf-dump-expanded>
  #<span class=sf-dump-protected title=\"Protected property\">items</span>: []
  #<span class=sf-dump-protected title=\"Protected property\">escapeWhenCastingToString</span>: <span class=sf-dump-const>false</span>
</samp>}
</pre><script>Sfdump(\"sf-dump-601253695\", {\"maxDepth\":3,\"maxStringLength\":160})</script>
","getSoapie":"<pre class=sf-dump id=sf-dump-411229849 data-indent-pad=\"  \"><span class=sf-dump-note>Illuminate\\Support\\Collection</span> {<a class=sf-dump-ref>#1043</a><samp data-depth=1 class=sf-dump-expanded>
  #<span class=sf-dump-protected title=\"Protected property\">items</span>: <span class=sf-dump-note>array:1</span> [<samp data-depth=2 class=sf-dump-compact>
    <span class=sf-dump-index>0</span> => {<a class=sf-dump-ref>#1037</a><samp data-depth=3 class=sf-dump-compact>
      +\"<span class=sf-dump-public title=\"Runtime added dynamic property\">tgl_perawatan</span>\": \"<span class=sf-dump-str title=\"10 characters\">2026-09-12</span>\"
      +\"<span class=sf-dump-public title=\"Runtime added dynamic property\">jam_rawat</span>\": \"<span class=sf-dump-str title=\"8 characters\">06:27:30</span>\"
      +\"<span class=sf-dump-public title=\"Runtime added dynamic property\">suhu_tubuh</span>\": \"\"
      +\"<span class=sf-dump-public title=\"Runtime added dynamic property\">tensi</span>\": \"\"
      +\"<span class=sf-dump-public title=\"Runtime added dynamic property\">nadi</span>\": \"\"
      +\"<span class=sf-dump-public title=\"Runtime added dynamic property\">respirasi</span>\": \"\"
      +\"<span class=sf-dump-public title=\"Runtime added dynamic property\">tinggi</span>\": \"\"
      +\"<span class=sf-dump-public title=\"Runtime added dynamic property\">berat</span>\": \"\"
      +\"<span class=sf-dump-public title=\"Runtime added dynamic property\">spo2</span>\": \"\"
      +\"<span class=sf-dump-public title=\"Runtime added dynamic property\">gcs</span>\": \"\"
      +\"<span class=sf-dump-public title=\"Runtime added dynamic property\">kesadaran</span>\": \"<span class=sf-dump-str title=\"13 characters\">Compos Mentis</span>\"
      +\"<span class=sf-dump-public title=\"Runtime added dynamic property\">keluhan</span>\": \"<span class=sf-dump-str title=\"13 characters\">SESAK MEMBAIK</span>\"
      +\"<span class=sf-dump-public title=\"Runtime added dynamic property\">pemeriksaan</span>\": \"<span class=sf-dump-str title=\"8 characters\">KU LEMAH</span>\"
      +\"<span class=sf-dump-public title=\"Runtime added dynamic property\">alergi</span>\": \"\"
      +\"<span class=sf-dump-public title=\"Runtime added dynamic property\">penilaian</span>\": \"\"\"
        <span class=sf-dump-str title=\"16 characters\">TYPHOID FEVER<span class=\"sf-dump-default sf-dump-ns\">\\n</span></span>
        <span class=sf-dump-str title=\"16 characters\">BP</span>
        \"\"\"
      +\"<span class=sf-dump-public title=\"Runtime added dynamic property\">rtl</span>\": \"<span class=sf-dump-str title=\"13 characters\">TERAPI LANJUT</span>\"
      +\"<span class=sf-dump-public title=\"Runtime added dynamic property\">instruksi</span>\": \"\"
      +\"<span class=sf-dump-public title=\"Runtime added dynamic property\">evaluasi</span>\": \"<span class=sf-dump-str title=\"13 characters\">VERIFIKASI(+)</span>\"
      +\"<span class=sf-dump-public title=\"Runtime added dynamic property\">nip</span>\": \"<span class=sf-dump-str title=\"8 characters\">D0000064</span>\"
      +\"<span class=sf-dump-public title=\"Runtime added dynamic property\">nm_dokter</span>\": \"<span class=sf-dump-str title=\"25 characters\">dr. Riona Sari, M.Sc, SpA</span>\"
      +\"<span class=sf-dump-public title=\"Runtime added dynamic property\">kd_dokter</span>\": \"<span class=sf-dump-str title=\"8 characters\">D0000064</span>\"
      +\"<span class=sf-dump-public title=\"Runtime added dynamic property\">nm_pasien</span>\": \"<span class=sf-dump-str title=\"29 characters\">MUHAMMAD HANUN AR`RAUF SADDAM</span>\"
      +\"<span class=sf-dump-public title=\"Runtime added dynamic property\">no_rawat</span>\": \"<span class=sf-dump-str title=\"17 characters\">2026/09/11/000224</span>\"
      +\"<span class=sf-dump-public title=\"Runtime added dynamic property\">no_rkm_medis</span>\": \"<span class=sf-dump-str title=\"6 characters\">326663</span>\"
      +\"<span class=sf-dump-public title=\"Runtime added dynamic property\">alamat</span>\": \"<span class=sf-dump-str title=\"43 characters\">JL RI KESUMA RATU GG PATIMURA GG JATI NO.01</span>\"
      +\"<span class=sf-dump-public title=\"Runtime added dynamic property\">jk</span>\": \"<span class=sf-dump-str>L</span>\"
      +\"<span class=sf-dump-public title=\"Runtime added dynamic property\">tmp_lahir</span>\": \"<span class=sf-dump-str title=\"14 characters\">BANDAR LAMPUNG</span>\"
      +\"<span class=sf-dump-public title=\"Runtime added dynamic property\">tgl_lahir</span>\": \"<span class=sf-dump-str title=\"10 characters\">2021-08-02</span>\"
      +\"<span class=sf-dump-public title=\"Runtime added dynamic property\">nm_ibu</span>\": \"<span class=sf-dump-str title=\"8 characters\">AYU SITI</span>\"
      +\"<span class=sf-dump-public title=\"Runtime added dynamic property\">gol_darah</span>\": \"<span class=sf-dump-str>-</span>\"
      +\"<span class=sf-dump-public title=\"Runtime added dynamic property\">stts_nikah</span>\": \"<span class=sf-dump-str title=\"13 characters\">BELUM MENIKAH</span>\"
      +\"<span class=sf-dump-public title=\"Runtime added dynamic property\">agama</span>\": \"<span class=sf-dump-str title=\"5 characters\">ISLAM</span>\"
      +\"<span class=sf-dump-public title=\"Runtime added dynamic property\">cacat_fisik</span>\": <span class=sf-dump-num>5</span>
      +\"<span class=sf-dump-public title=\"Runtime added dynamic property\">getDiagnosa</span>\": <span class=sf-dump-note title=\"Illuminate\\Support\\Collection
\"><span class=\"sf-dump-ellipsis sf-dump-ellipsis-note\">Illuminate\\Support</span><span class=\"sf-dump-ellipsis sf-dump-ellipsis-note\">\\</span>Collection</span> {<a class=sf-dump-ref>#1045</a> &#8230;2}
      +\"<span class=sf-dump-public title=\"Runtime added dynamic property\">getProcedure</span>\": <span class=sf-dump-note title=\"Illuminate\\Support\\Collection
\"><span class=\"sf-dump-ellipsis sf-dump-ellipsis-note\">Illuminate\\Support</span><span class=\"sf-dump-ellipsis sf-dump-ellipsis-note\">\\</span>Collection</span> {<a class=sf-dump-ref>#1046</a> &#8230;2}
    </samp>}
  </samp>]
  #<span class=sf-dump-protected title=\"Protected property\">escapeWhenCastingToString</span>: <span class=sf-dump-const>false</span>
</samp>}
</pre><script>Sfdump(\"sf-dump-411229849\", {\"maxDepth\":3,\"maxStringLength\":160})</script>
","getTriaseIGD":"<pre class=sf-dump id=sf-dump-1688344263 data-indent-pad=\"  \"><span class=sf-dump-note>Illuminate\\Support\\Collection</span> {<a class=sf-dump-ref>#1042</a><samp data-depth=1 class=sf-dump-expanded>
  #<span class=sf-dump-protected title=\"Protected property\">items</span>: <span class=sf-dump-note>array:1</span> [<samp data-depth=2 class=sf-dump-compact>
    <span class=sf-dump-index>0</span> => {<a class=sf-dump-ref>#1033</a><samp data-depth=3 class=sf-dump-compact>
      +\"<span class=sf-dump-public title=\"Runtime added dynamic property\">no_rawat</span>\": \"<span class=sf-dump-str title=\"17 characters\">2026/09/11/000224</span>\"
      +\"<span class=sf-dump-public title=\"Runtime added dynamic property\">tgl_kunjungan</span>\": \"<span class=sf-dump-str title=\"19 characters\">2026-09-11 07:58:10</span>\"
      +\"<span class=sf-dump-public title=\"Runtime added dynamic property\">cara_masuk</span>\": \"<span class=sf-dump-str title=\"9 characters\">Digendong</span>\"
      +\"<span class=sf-dump-public title=\"Runtime added dynamic property\">alat_transportasi</span>\": \"<span class=sf-dump-str>-</span>\"
      +\"<span class=sf-dump-public title=\"Runtime added dynamic property\">alasan_kedatangan</span>\": \"<span class=sf-dump-str title=\"14 characters\">Datang Sendiri</span>\"
      +\"<span class=sf-dump-public title=\"Runtime added dynamic property\">keterangan_kedatangan</span>\": \"\"
      +\"<span class=sf-dump-public title=\"Runtime added dynamic property\">kode_kasus</span>\": \"<span class=sf-dump-str title=\"3 characters\">010</span>\"
      +\"<span class=sf-dump-public title=\"Runtime added dynamic property\">tekanan_darah</span>\": \"<span class=sf-dump-str>-</span>\"
      +\"<span class=sf-dump-public title=\"Runtime added dynamic property\">nadi</span>\": \"<span class=sf-dump-str title=\"3 characters\">111</span>\"
      +\"<span class=sf-dump-public title=\"Runtime added dynamic property\">pernapasan</span>\": \"<span class=sf-dump-str title=\"2 characters\">40</span>\"
      +\"<span class=sf-dump-public title=\"Runtime added dynamic property\">suhu</span>\": \"<span class=sf-dump-str title=\"2 characters\">40</span>\"
      +\"<span class=sf-dump-public title=\"Runtime added dynamic property\">saturasi_o2</span>\": \"<span class=sf-dump-str title=\"2 characters\">99</span>\"
      +\"<span class=sf-dump-public title=\"Runtime added dynamic property\">nyeri</span>\": \"<span class=sf-dump-str>8</span>\"
      +\"<span class=sf-dump-public title=\"Runtime added dynamic property\">macam_kasus</span>\": \"<span class=sf-dump-str title=\"25 characters\">Non Trauma Kesehatan Anak</span>\"
      +\"<span class=sf-dump-public title=\"Runtime added dynamic property\">nm_pasien</span>\": \"<span class=sf-dump-str title=\"29 characters\">MUHAMMAD HANUN AR`RAUF SADDAM</span>\"
      +\"<span class=sf-dump-public title=\"Runtime added dynamic property\">tgl_lahir</span>\": \"<span class=sf-dump-str title=\"10 characters\">2021-08-02</span>\"
      +\"<span class=sf-dump-public title=\"Runtime added dynamic property\">jk</span>\": \"<span class=sf-dump-str>L</span>\"
      +\"<span class=sf-dump-public title=\"Runtime added dynamic property\">no_rkm_medis</span>\": \"<span class=sf-dump-str title=\"6 characters\">326663</span>\"
      +\"<span class=sf-dump-public title=\"Runtime added dynamic property\">triaseSekender</span>\": <span class=sf-dump-note title=\"Illuminate\\Support\\Collection
\"><span class=\"sf-dump-ellipsis sf-dump-ellipsis-note\">Illuminate\\Support</span><span class=\"sf-dump-ellipsis sf-dump-ellipsis-note\">\\</span>Collection</span> {<a class=sf-dump-ref>#1027</a> &#8230;2}
      +\"<span class=sf-dump-public title=\"Runtime added dynamic property\">triasePrimer</span>\": <span class=sf-dump-note title=\"Illuminate\\Support\\Collection
\"><span class=\"sf-dump-ellipsis sf-dump-ellipsis-note\">Illuminate\\Support</span><span class=\"sf-dump-ellipsis sf-dump-ellipsis-note\">\\</span>Collection</span> {<a class=sf-dump-ref>#1023</a> &#8230;2}
      +\"<span class=sf-dump-public title=\"Runtime added dynamic property\">data_triase_igddetail_skala1</span>\": <span class=sf-dump-note title=\"Illuminate\\Support\\Collection
\"><span class=\"sf-dump-ellipsis sf-dump-ellipsis-note\">Illuminate\\Support</span><span class=\"sf-dump-ellipsis sf-dump-ellipsis-note\">\\</span>Collection</span> {<a class=sf-dump-ref>#1022</a> &#8230;2}
      +\"<span class=sf-dump-public title=\"Runtime added dynamic property\">data_triase_igddetail_skala2</span>\": <span class=sf-dump-note title=\"Illuminate\\Support\\Collection
\"><span class=\"sf-dump-ellipsis sf-dump-ellipsis-note\">Illuminate\\Support</span><span class=\"sf-dump-ellipsis sf-dump-ellipsis-note\">\\</span>Collection</span> {<a class=sf-dump-ref>#1018</a> &#8230;2}
      +\"<span class=sf-dump-public title=\"Runtime added dynamic property\">data_triase_igddetail_skala3</span>\": <span class=sf-dump-note title=\"Illuminate\\Support\\Collection
\"><span class=\"sf-dump-ellipsis sf-dump-ellipsis-note\">Illuminate\\Support</span><span class=\"sf-dump-ellipsis sf-dump-ellipsis-note\">\\</span>Collection</span> {<a class=sf-dump-ref>#1050</a> &#8230;2}
      +\"<span class=sf-dump-public title=\"Runtime added dynamic property\">data_triase_igddetail_skala4</span>\": <span class=sf-dump-note title=\"Illuminate\\Support\\Collection
\"><span class=\"sf-dump-ellipsis sf-dump-ellipsis-note\">Illuminate\\Support</span><span class=\"sf-dump-ellipsis sf-dump-ellipsis-note\">\\</span>Collection</span> {<a class=sf-dump-ref>#993</a> &#8230;2}
      +\"<span class=sf-dump-public title=\"Runtime added dynamic property\">data_triase_igddetail_skala5</span>\": <span class=sf-dump-note title=\"Illuminate\\Support\\Collection
\"><span class=\"sf-dump-ellipsis sf-dump-ellipsis-note\">Illuminate\\Support</span><span class=\"sf-dump-ellipsis sf-dump-ellipsis-note\">\\</span>Collection</span> {<a class=sf-dump-ref>#1055</a> &#8230;2}
    </samp>}
  </samp>]
  #<span class=sf-dump-protected title=\"Protected property\">escapeWhenCastingToString</span>: <span class=sf-dump-const>false</span>
</samp>}
</pre><script>Sfdump(\"sf-dump-1688344263\", {\"maxDepth\":3,\"maxStringLength\":160})</script>
","getSuratPriBpjs":"<pre class=sf-dump id=sf-dump-256051979 data-indent-pad=\"  \">{<a class=sf-dump-ref>#1015</a><samp data-depth=1 class=sf-dump-expanded>
  +\"<span class=sf-dump-public title=\"Runtime added dynamic property\">no_surat</span>\": \"<span class=sf-dump-str title=\"19 characters\">0801R0020926K002640</span>\"
  +\"<span class=sf-dump-public title=\"Runtime added dynamic property\">tgl_surat</span>\": \"<span class=sf-dump-str title=\"10 characters\">2026-09-11</span>\"
  +\"<span class=sf-dump-public title=\"Runtime added dynamic property\">nm_dokter_bpjs</span>\": \"<span class=sf-dump-str title=\"30 characters\">dr. RIONA SARI, M. Sc., Sp. A.</span>\"
  +\"<span class=sf-dump-public title=\"Runtime added dynamic property\">nm_poli_bpjs</span>\": \"<span class=sf-dump-str title=\"4 characters\">Anak</span>\"
  +\"<span class=sf-dump-public title=\"Runtime added dynamic property\">no_peserta</span>\": \"<span class=sf-dump-str title=\"13 characters\">0003093634721</span>\"
  +\"<span class=sf-dump-public title=\"Runtime added dynamic property\">jk</span>\": \"<span class=sf-dump-str>L</span>\"
  +\"<span class=sf-dump-public title=\"Runtime added dynamic property\">nm_pasien</span>\": \"<span class=sf-dump-str title=\"29 characters\">MUHAMMAD HANUN AR`RAUF SADDAM</span>\"
  +\"<span class=sf-dump-public title=\"Runtime added dynamic property\">tgl_lahir</span>\": \"<span class=sf-dump-str title=\"10 characters\">2021-08-02</span>\"
  +\"<span class=sf-dump-public title=\"Runtime added dynamic property\">diagnosa</span>\": \"<span class=sf-dump-str title=\"16 characters\">R06.0 - Dyspnoea</span>\"
  +\"<span class=sf-dump-public title=\"Runtime added dynamic property\">kd_dokter</span>\": \"<span class=sf-dump-str title=\"8 characters\">D0000112</span>\"
</samp>}
</pre><script>Sfdump(\"sf-dump-256051979\", {\"maxDepth\":3,\"maxStringLength\":160})</script>
","resume_ralan":"<pre class=sf-dump id=sf-dump-2121668597 data-indent-pad=\"  \">\"\"
</pre><script>Sfdump(\"sf-dump-2121668597\", {\"maxDepth\":3,\"maxStringLength\":160})</script>
","getInacbg":"<pre class=sf-dump id=sf-dump-1661638027 data-indent-pad=\"  \"><span class=sf-dump-const>null</span>
</pre><script>Sfdump(\"sf-dump-1661638027\", {\"maxDepth\":3,\"maxStringLength\":160})</script>
","semuaBerkasDigital":"<pre class=sf-dump id=sf-dump-530038361 data-indent-pad=\"  \"><span class=sf-dump-note>Illuminate\\Support\\Collection</span> {<a class=sf-dump-ref>#1041</a><samp data-depth=1 class=sf-dump-expanded>
  #<span class=sf-dump-protected title=\"Protected property\">items</span>: []
  #<span class=sf-dump-protected title=\"Protected property\">escapeWhenCastingToString</span>: <span class=sf-dump-const>false</span>
</samp>}
</pre><script>Sfdump(\"sf-dump-530038361\", {\"maxDepth\":3,\"maxStringLength\":160})</script>
","lembarFisio":"<pre class=sf-dump id=sf-dump-802248153 data-indent-pad=\"  \"><span class=sf-dump-const>null</span>
</pre><script>Sfdump(\"sf-dump-802248153\", {\"maxDepth\":3,\"maxStringLength\":160})</script>
","getFisioData":"<pre class=sf-dump id=sf-dump-535196341 data-indent-pad=\"  \"><span class=sf-dump-const>null</span>
</pre><script>Sfdump(\"sf-dump-535196341\", {\"maxDepth\":3,\"maxStringLength\":160})</script>
","isFisio":"<pre class=sf-dump id=sf-dump-1048230944 data-indent-pad=\"  \"><span class=sf-dump-const>false</span>
</pre><script>Sfdump(\"sf-dump-1048230944\", {\"maxDepth\":3,\"maxStringLength\":160})</script>
","cardColor":"<pre class=sf-dump id=sf-dump-572540471 data-indent-pad=\"  \">\"<span class=sf-dump-str title=\"12 characters\">card-primary</span>\"
</pre><script>Sfdump(\"sf-dump-572540471\", {\"maxDepth\":3,\"maxStringLength\":160})</script>
","textCard":"<pre class=sf-dump id=sf-dump-945385962 data-indent-pad=\"  \">\"<span class=sf-dump-str title=\"12 characters\">Casemix Bpjs</span>\"
</pre><script>Sfdump(\"sf-dump-945385962\", {\"maxDepth\":3,\"maxStringLength\":160})</script>
","printNoRawat":"<pre class=sf-dump id=sf-dump-1882056055 data-indent-pad=\"  \">\"<span class=sf-dump-str title=\"17 characters\">2026/09/11/000224</span>\"
</pre><script>Sfdump(\"sf-dump-1882056055\", {\"maxDepth\":3,\"maxStringLength\":160})</script>
","cariNoSep":"<pre class=sf-dump id=sf-dump-1484903640 data-indent-pad=\"  \">\"<span class=sf-dump-str title=\"19 characters\">0801R0020926V004747</span>\"
</pre><script>Sfdump(\"sf-dump-1484903640\", {\"maxDepth\":3,\"maxStringLength\":160})</script>
","__currentLoopData":"<pre class=sf-dump id=sf-dump-166754463 data-indent-pad=\"  \"><span class=sf-dump-note>Illuminate\\Support\\Collection</span> {<a class=sf-dump-ref>#853</a><samp data-depth=1 class=sf-dump-expanded>
  #<span class=sf-dump-protected title=\"Protected property\">items</span>: <span class=sf-dump-note>array:10</span> [<samp data-depth=2 class=sf-dump-compact>
    <span class=sf-dump-index>0</span> => {<a class=sf-dump-ref>#856</a><samp data-depth=3 class=sf-dump-compact>
      +\"<span class=sf-dump-public title=\"Runtime added dynamic property\">nama_berkas</span>\": \"<span class=sf-dump-str title=\"10 characters\">berkas-sep</span>\"
      +\"<span class=sf-dump-public title=\"Runtime added dynamic property\">urutan</span>\": <span class=sf-dump-num>1</span>
    </samp>}
    <span class=sf-dump-index>1</span> => {<a class=sf-dump-ref>#858</a><samp data-depth=3 class=sf-dump-compact>
      +\"<span class=sf-dump-public title=\"Runtime added dynamic property\">nama_berkas</span>\": \"<span class=sf-dump-str title=\"13 characters\">resume-pasien</span>\"
      +\"<span class=sf-dump-public title=\"Runtime added dynamic property\">urutan</span>\": <span class=sf-dump-num>2</span>
    </samp>}
    <span class=sf-dump-index>2</span> => {<a class=sf-dump-ref>#865</a><samp data-depth=3 class=sf-dump-compact>
      +\"<span class=sf-dump-public title=\"Runtime added dynamic property\">nama_berkas</span>\": \"<span class=sf-dump-str title=\"13 characters\">rincian-biaya</span>\"
      +\"<span class=sf-dump-public title=\"Runtime added dynamic property\">urutan</span>\": <span class=sf-dump-num>3</span>
    </samp>}
    <span class=sf-dump-index>3</span> => {<a class=sf-dump-ref>#861</a><samp data-depth=3 class=sf-dump-compact>
      +\"<span class=sf-dump-public title=\"Runtime added dynamic property\">nama_berkas</span>\": \"<span class=sf-dump-str title=\"16 characters\">berkas-radiologi</span>\"
      +\"<span class=sf-dump-public title=\"Runtime added dynamic property\">urutan</span>\": <span class=sf-dump-num>4</span>
    </samp>}
    <span class=sf-dump-index>4</span> => {<a class=sf-dump-ref>#862</a><samp data-depth=3 class=sf-dump-compact>
      +\"<span class=sf-dump-public title=\"Runtime added dynamic property\">nama_berkas</span>\": \"<span class=sf-dump-str title=\"14 characters\">berkas-laborat</span>\"
      +\"<span class=sf-dump-public title=\"Runtime added dynamic property\">urutan</span>\": <span class=sf-dump-num>5</span>
    </samp>}
    <span class=sf-dump-index>5</span> => {<a class=sf-dump-ref>#863</a><samp data-depth=3 class=sf-dump-compact>
      +\"<span class=sf-dump-public title=\"Runtime added dynamic property\">nama_berkas</span>\": \"<span class=sf-dump-str title=\"22 characters\">berkas-laporan-operasi</span>\"
      +\"<span class=sf-dump-public title=\"Runtime added dynamic property\">urutan</span>\": <span class=sf-dump-num>7</span>
    </samp>}
    <span class=sf-dump-index>6</span> => {<a class=sf-dump-ref>#864</a><samp data-depth=3 class=sf-dump-compact>
      +\"<span class=sf-dump-public title=\"Runtime added dynamic property\">nama_berkas</span>\": \"<span class=sf-dump-str title=\"14 characters\">surat-kematian</span>\"
      +\"<span class=sf-dump-public title=\"Runtime added dynamic property\">urutan</span>\": <span class=sf-dump-num>8</span>
    </samp>}
    <span class=sf-dump-index>7</span> => {<a class=sf-dump-ref>#866</a><samp data-depth=3 class=sf-dump-compact>
      +\"<span class=sf-dump-public title=\"Runtime added dynamic property\">nama_berkas</span>\": \"<span class=sf-dump-str title=\"13 characters\">soapie-pasien</span>\"
      +\"<span class=sf-dump-public title=\"Runtime added dynamic property\">urutan</span>\": <span class=sf-dump-num>9</span>
    </samp>}
    <span class=sf-dump-index>8</span> => {<a class=sf-dump-ref>#867</a><samp data-depth=3 class=sf-dump-compact>
      +\"<span class=sf-dump-public title=\"Runtime added dynamic property\">nama_berkas</span>\": \"<span class=sf-dump-str title=\"25 characters\">berkas-triase-igdsekunder</span>\"
      +\"<span class=sf-dump-public title=\"Runtime added dynamic property\">urutan</span>\": <span class=sf-dump-num>10</span>
    </samp>}
    <span class=sf-dump-index>9</span> => {<a class=sf-dump-ref>#868</a><samp data-depth=3 class=sf-dump-compact>
      +\"<span class=sf-dump-public title=\"Runtime added dynamic property\">nama_berkas</span>\": \"<span class=sf-dump-str title=\"14 characters\">surat-pri-bpjs</span>\"
      +\"<span class=sf-dump-public title=\"Runtime added dynamic property\">urutan</span>\": <span class=sf-dump-num>13</span>
    </samp>}
  </samp>]
  #<span class=sf-dump-protected title=\"Protected property\">escapeWhenCastingToString</span>: <span class=sf-dump-const>false</span>
</samp>}
</pre><script>Sfdump(\"sf-dump-166754463\", {\"maxDepth\":3,\"maxStringLength\":160})</script>
","item":"<pre class=sf-dump id=sf-dump-1583874925 data-indent-pad=\"  \">{<a class=sf-dump-ref>#867</a><samp data-depth=1 class=sf-dump-expanded>
  +\"<span class=sf-dump-public title=\"Runtime added dynamic property\">nama_berkas</span>\": \"<span class=sf-dump-str title=\"25 characters\">berkas-triase-igdsekunder</span>\"
  +\"<span class=sf-dump-public title=\"Runtime added dynamic property\">urutan</span>\": <span class=sf-dump-num>10</span>
</samp>}
</pre><script>Sfdump(\"sf-dump-1583874925\", {\"maxDepth\":3,\"maxStringLength\":160})</script>
","loop":"<pre class=sf-dump id=sf-dump-1353132063 data-indent-pad=\"  \">{<a class=sf-dump-ref>#1056</a><samp data-depth=1 class=sf-dump-expanded>
  +\"<span class=sf-dump-public title=\"Runtime added dynamic property\">iteration</span>\": <span class=sf-dump-num>9</span>
  +\"<span class=sf-dump-public title=\"Runtime added dynamic property\">index</span>\": <span class=sf-dump-num>8</span>
  +\"<span class=sf-dump-public title=\"Runtime added dynamic property\">remaining</span>\": <span class=sf-dump-num>1</span>
  +\"<span class=sf-dump-public title=\"Runtime added dynamic property\">count</span>\": <span class=sf-dump-num>10</span>
  +\"<span class=sf-dump-public title=\"Runtime added dynamic property\">first</span>\": <span class=sf-dump-const>false</span>
  +\"<span class=sf-dump-public title=\"Runtime added dynamic property\">last</span>\": <span class=sf-dump-const>false</span>
  +\"<span class=sf-dump-public title=\"Runtime added dynamic property\">odd</span>\": <span class=sf-dump-const>true</span>
  +\"<span class=sf-dump-public title=\"Runtime added dynamic property\">even</span>\": <span class=sf-dump-const>false</span>
  +\"<span class=sf-dump-public title=\"Runtime added dynamic property\">depth</span>\": <span class=sf-dump-num>1</span>
  +\"<span class=sf-dump-public title=\"Runtime added dynamic property\">parent</span>\": <span class=sf-dump-const>null</span>
</samp>}
</pre><script>Sfdump(\"sf-dump-1353132063\", {\"maxDepth\":3,\"maxStringLength\":160})</script>
"}},"exception":"[object] (Spatie\\LaravelIgnition\\Exceptions\\ViewException(code: 0): Attempt to read property \"plan\" on null at C:\\xampp\\htdocs\\bundling2\\resources\\views\\bpjs\\component\\berkas-triase-igdsekunder.blade.php:5)
[stacktrace]
#0 C:\\xampp\\htdocs\\bundling2\\vendor\\laravel\\framework\\src\\Illuminate\\Foundation\\Bootstrap\\HandleExceptions.php(272): Illuminate\\Foundation\\Bootstrap\\HandleExceptions->handleError(2, 'Attempt to read...', 'C:\\\\xampp\\\\htdocs...', 10)
#1 C:\\xampp\\htdocs\\bundling2\\resources\\views\\bpjs\\component\\berkas-triase-igdsekunder.blade.php(5): Illuminate\\Foundation\\Bootstrap\\HandleExceptions->Illuminate\\Foundation\\Bootstrap\\{closure}(2, 'Attempt to read...', 'C:\\\\xampp\\\\htdocs...', 10)
#2 C:\\xampp\\htdocs\\bundling2\\vendor\\laravel\\framework\\src\\Illuminate\\Filesystem\\Filesystem.php(109): require('C:\\\\xampp\\\\htdocs...')
#3 C:\\xampp\\htdocs\\bundling2\\vendor\\laravel\\framework\\src\\Illuminate\\Filesystem\\Filesystem.php(110): Illuminate\\Filesystem\\Filesystem::Illuminate\\Filesystem\\{closure}()
#4 C:\\xampp\\htdocs\\bundling2\\vendor\\laravel\\framework\\src\\Illuminate\\View\\Engines\\PhpEngine.php(58): Illuminate\\Filesystem\\Filesystem->getRequire('C:\\\\xampp\\\\htdocs...', Array)
#5 C:\\xampp\\htdocs\\bundling2\\vendor\\livewire\\livewire\\src\\ComponentConcerns\\RendersLivewireComponents.php(69): Illuminate\\View\\Engines\\PhpEngine->evaluatePath('C:\\\\xampp\\\\htdocs...', Array)
#6 C:\\xampp\\htdocs\\bundling2\\vendor\\laravel\\framework\\src\\Illuminate\\View\\Engines\\CompilerEngine.php(70): Livewire\\LivewireViewCompilerEngine->evaluatePath('C:\\\\xampp\\\\htdocs...', Array)
#7 C:\\xampp\\htdocs\\bundling2\\vendor\\livewire\\livewire\\src\\ComponentConcerns\\RendersLivewireComponents.php(35): Illuminate\\View\\Engines\\CompilerEngine->get('C:\\\\xampp\\\\htdocs...', Array)
#8 C:\\xampp\\htdocs\\bundling2\\vendor\\laravel\\framework\\src\\Illuminate\\View\\View.php(195): Livewire\\LivewireViewCompilerEngine->get('C:\\\\xampp\\\\htdocs...', Array)
#9 C:\\xampp\\htdocs\\bundling2\\vendor\\laravel\\framework\\src\\Illuminate\\View\\View.php(178): Illuminate\\View\\View->getContents()
#10 C:\\xampp\\htdocs\\bundling2\\vendor\\laravel\\framework\\src\\Illuminate\\View\\View.php(147): Illuminate\\View\\View->renderContents()
#11 C:\\xampp\\htdocs\\bundling2\\resources\\views\\bpjs\\cesmik.blade.php(125): Illuminate\\View\\View->render()
#12 C:\\xampp\\htdocs\\bundling2\\vendor\\laravel\\framework\\src\\Illuminate\\Filesystem\\Filesystem.php(109): require('C:\\\\xampp\\\\htdocs...')
#13 C:\\xampp\\htdocs\\bundling2\\vendor\\laravel\\framework\\src\\Illuminate\\Filesystem\\Filesystem.php(110): Illuminate\\Filesystem\\Filesystem::Illuminate\\Filesystem\\{closure}()
#14 C:\\xampp\\htdocs\\bundling2\\vendor\\laravel\\framework\\src\\Illuminate\\View\\Engines\\PhpEngine.php(58): Illuminate\\Filesystem\\Filesystem->getRequire('C:\\\\xampp\\\\htdocs...', Array)
#15 C:\\xampp\\htdocs\\bundling2\\vendor\\livewire\\livewire\\src\\ComponentConcerns\\RendersLivewireComponents.php(69): Illuminate\\View\\Engines\\PhpEngine->evaluatePath('C:\\\\xampp\\\\htdocs...', Array)
#16 C:\\xampp\\htdocs\\bundling2\\vendor\\laravel\\framework\\src\\Illuminate\\View\\Engines\\CompilerEngine.php(70): Livewire\\LivewireViewCompilerEngine->evaluatePath('C:\\\\xampp\\\\htdocs...', Array)
#17 C:\\xampp\\htdocs\\bundling2\\vendor\\livewire\\livewire\\src\\ComponentConcerns\\RendersLivewireComponents.php(35): Illuminate\\View\\Engines\\CompilerEngine->get('C:\\\\xampp\\\\htdocs...', Array)
#18 C:\\xampp\\htdocs\\bundling2\\vendor\\laravel\\framework\\src\\Illuminate\\View\\View.php(195): Livewire\\LivewireViewCompilerEngine->get('C:\\\\xampp\\\\htdocs...', Array)
#19 C:\\xampp\\htdocs\\bundling2\\vendor\\laravel\\framework\\src\\Illuminate\\View\\View.php(178): Illuminate\\View\\View->getContents()
#20 C:\\xampp\\htdocs\\bundling2\\vendor\\laravel\\framework\\src\\Illuminate\\View\\View.php(147): Illuminate\\View\\View->renderContents()
#21 C:\\xampp\\htdocs\\bundling2\\vendor\\laravel\\framework\\src\\Illuminate\\Http\\Response.php(69): Illuminate\\View\\View->render()
#22 C:\\xampp\\htdocs\\bundling2\\vendor\\laravel\\framework\\src\\Illuminate\\Http\\Response.php(35): Illuminate\\Http\\Response->setContent(Object(Illuminate\\View\\View))
#23 C:\\xampp\\htdocs\\bundling2\\vendor\\laravel\\framework\\src\\Illuminate\\Routing\\Router.php(906): Illuminate\\Http\\Response->__construct(Object(Illuminate\\View\\View), 200, Array)
#24 C:\\xampp\\htdocs\\bundling2\\vendor\\laravel\\framework\\src\\Illuminate\\Routing\\Router.php(875): Illuminate\\Routing\\Router::toResponse(Object(Illuminate\\Http\\Request), Object(Illuminate\\View\\View))
#25 C:\\xampp\\htdocs\\bundling2\\vendor\\laravel\\framework\\src\\Illuminate\\Routing\\Router.php(798): Illuminate\\Routing\\Router->prepareResponse(Object(Illuminate\\Http\\Request), Object(Illuminate\\View\\View))
#26 C:\\xampp\\htdocs\\bundling2\\vendor\\laravel\\framework\\src\\Illuminate\\Pipeline\\Pipeline.php(141): Illuminate\\Routing\\Router->Illuminate\\Routing\\{closure}(Object(Illuminate\\Http\\Request))
#27 C:\\xampp\\htdocs\\bundling2\\app\\Http\\Middleware\\AuthRsbw.php(61): Illuminate\\Pipeline\\Pipeline->Illuminate\\Pipeline\\{closure}(Object(Illuminate\\Http\\Request))
#28 C:\\xampp\\htdocs\\bundling2\\vendor\\laravel\\framework\\src\\Illuminate\\Pipeline\\Pipeline.php(180): App\\Http\\Middleware\\AuthRsbw->handle(Object(Illuminate\\Http\\Request), Object(Closure))
#29 C:\\xampp\\htdocs\\bundling2\\app\\Http\\Middleware\\ControlPage.php(23): Illuminate\\Pipeline\\Pipeline->Illuminate\\Pipeline\\{closure}(Object(Illuminate\\Http\\Request))
#30 C:\\xampp\\htdocs\\bundling2\\vendor\\laravel\\framework\\src\\Illuminate\\Pipeline\\Pipeline.php(180): App\\Http\\Middleware\\ControlPage->handle(Object(Illuminate\\Http\\Request), Object(Closure))
#31 C:\\xampp\\htdocs\\bundling2\\vendor\\laravel\\framework\\src\\Illuminate\\Routing\\Middleware\\SubstituteBindings.php(50): Illuminate\\Pipeline\\Pipeline->Illuminate\\Pipeline\\{closure}(Object(Illuminate\\Http\\Request))
#32 C:\\xampp\\htdocs\\bundling2\\vendor\\laravel\\framework\\src\\Illuminate\\Pipeline\\Pipeline.php(180): Illuminate\\Routing\\Middleware\\SubstituteBindings->handle(Object(Illuminate\\Http\\Request), Object(Closure))
#33 C:\\xampp\\htdocs\\bundling2\\vendor\\laravel\\framework\\src\\Illuminate\\Foundation\\Http\\Middleware\\VerifyCsrfToken.php(78): Illuminate\\Pipeline\\Pipeline->Illuminate\\Pipeline\\{closure}(Object(Illuminate\\Http\\Request))
#34 C:\\xampp\\htdocs\\bundling2\\vendor\\laravel\\framework\\src\\Illuminate\\Pipeline\\Pipeline.php(180): Illuminate\\Foundation\\Http\\Middleware\\VerifyCsrfToken->handle(Object(Illuminate\\Http\\Request), Object(Closure))
#35 C:\\xampp\\htdocs\\bundling2\\vendor\\laravel\\framework\\src\\Illuminate\\View\\Middleware\\ShareErrorsFromSession.php(49): Illuminate\\Pipeline\\Pipeline->Illuminate\\Pipeline\\{closure}(Object(Illuminate\\Http\\Request))
#36 C:\\xampp\\htdocs\\bundling2\\vendor\\laravel\\framework\\src\\Illuminate\\Pipeline\\Pipeline.php(180): Illuminate\\View\\Middleware\\ShareErrorsFromSession->handle(Object(Illuminate\\Http\\Request), Object(Closure))
#37 C:\\xampp\\htdocs\\bundling2\\vendor\\laravel\\framework\\src\\Illuminate\\Session\\Middleware\\StartSession.php(121): Illuminate\\Pipeline\\Pipeline->Illuminate\\Pipeline\\{closure}(Object(Illuminate\\Http\\Request))
#38 C:\\xampp\\htdocs\\bundling2\\vendor\\laravel\\framework\\src\\Illuminate\\Session\\Middleware\\StartSession.php(64): Illuminate\\Session\\Middleware\\StartSession->handleStatefulRequest(Object(Illuminate\\Http\\Request), Object(Illuminate\\Session\\Store), Object(Closure))
#39 C:\\xampp\\htdocs\\bundling2\\vendor\\laravel\\framework\\src\\Illuminate\\Pipeline\\Pipeline.php(180): Illuminate\\Session\\Middleware\\StartSession->handle(Object(Illuminate\\Http\\Request), Object(Closure))
#40 C:\\xampp\\htdocs\\bundling2\\vendor\\laravel\\framework\\src\\Illuminate\\Cookie\\Middleware\\AddQueuedCookiesToResponse.php(37): Illuminate\\Pipeline\\Pipeline->Illuminate\\Pipeline\\{closure}(Object(Illuminate\\Http\\Request))
#41 C:\\xampp\\htdocs\\bundling2\\vendor\\laravel\\framework\\src\\Illuminate\\Pipeline\\Pipeline.php(180): Illuminate\\Cookie\\Middleware\\AddQueuedCookiesToResponse->handle(Object(Illuminate\\Http\\Request), Object(Closure))
#42 C:\\xampp\\htdocs\\bundling2\\vendor\\laravel\\framework\\src\\Illuminate\\Cookie\\Middleware\\EncryptCookies.php(67): Illuminate\\Pipeline\\Pipeline->Illuminate\\Pipeline\\{closure}(Object(Illuminate\\Http\\Request))
#43 C:\\xampp\\htdocs\\bundling2\\vendor\\laravel\\framework\\src\\Illuminate\\Pipeline\\Pipeline.php(180): Illuminate\\Cookie\\Middleware\\EncryptCookies->handle(Object(Illuminate\\Http\\Request), Object(Closure))
#44 C:\\xampp\\htdocs\\bundling2\\vendor\\laravel\\framework\\src\\Illuminate\\Pipeline\\Pipeline.php(116): Illuminate\\Pipeline\\Pipeline->Illuminate\\Pipeline\\{closure}(Object(Illuminate\\Http\\Request))
#45 C:\\xampp\\htdocs\\bundling2\\vendor\\laravel\\framework\\src\\Illuminate\\Routing\\Router.php(799): Illuminate\\Pipeline\\Pipeline->then(Object(Closure))
#46 C:\\xampp\\htdocs\\bundling2\\vendor\\laravel\\framework\\src\\Illuminate\\Routing\\Router.php(776): Illuminate\\Routing\\Router->runRouteWithinStack(Object(Illuminate\\Routing\\Route), Object(Illuminate\\Http\\Request))
#47 C:\\xampp\\htdocs\\bundling2\\vendor\\laravel\\framework\\src\\Illuminate\\Routing\\Router.php(740): Illuminate\\Routing\\Router->runRoute(Object(Illuminate\\Http\\Request), Object(Illuminate\\Routing\\Route))
#48 C:\\xampp\\htdocs\\bundling2\\vendor\\laravel\\framework\\src\\Illuminate\\Routing\\Router.php(729): Illuminate\\Routing\\Router->dispatchToRoute(Object(Illuminate\\Http\\Request))
#49 C:\\xampp\\htdocs\\bundling2\\vendor\\laravel\\framework\\src\\Illuminate\\Foundation\\Http\\Kernel.php(190): Illuminate\\Routing\\Router->dispatch(Object(Illuminate\\Http\\Request))
#50 C:\\xampp\\htdocs\\bundling2\\vendor\\laravel\\framework\\src\\Illuminate\\Pipeline\\Pipeline.php(141): Illuminate\\Foundation\\Http\\Kernel->Illuminate\\Foundation\\Http\\{closure}(Object(Illuminate\\Http\\Request))
#51 C:\\xampp\\htdocs\\bundling2\\vendor\\livewire\\livewire\\src\\DisableBrowserCache.php(19): Illuminate\\Pipeline\\Pipeline->Illuminate\\Pipeline\\{closure}(Object(Illuminate\\Http\\Request))
#52 C:\\xampp\\htdocs\\bundling2\\vendor\\laravel\\framework\\src\\Illuminate\\Pipeline\\Pipeline.php(180): Livewire\\DisableBrowserCache->handle(Object(Illuminate\\Http\\Request), Object(Closure))
#53 C:\\xampp\\htdocs\\bundling2\\vendor\\laravel\\framework\\src\\Illuminate\\Foundation\\Http\\Middleware\\TransformsRequest.php(21): Illuminate\\Pipeline\\Pipeline->Illuminate\\Pipeline\\{closure}(Object(Illuminate\\Http\\Request))
#54 C:\\xampp\\htdocs\\bundling2\\vendor\\laravel\\framework\\src\\Illuminate\\Foundation\\Http\\Middleware\\ConvertEmptyStringsToNull.php(31): Illuminate\\Foundation\\Http\\Middleware\\TransformsRequest->handle(Object(Illuminate\\Http\\Request), Object(Closure))
#55 C:\\xampp\\htdocs\\bundling2\\vendor\\laravel\\framework\\src\\Illuminate\\Pipeline\\Pipeline.php(180): Illuminate\\Foundation\\Http\\Middleware\\ConvertEmptyStringsToNull->handle(Object(Illuminate\\Http\\Request), Object(Closure))
#56 C:\\xampp\\htdocs\\bundling2\\vendor\\laravel\\framework\\src\\Illuminate\\Foundation\\Http\\Middleware\\TransformsRequest.php(21): Illuminate\\Pipeline\\Pipeline->Illuminate\\Pipeline\\{closure}(Object(Illuminate\\Http\\Request))
#57 C:\\xampp\\htdocs\\bundling2\\vendor\\laravel\\framework\\src\\Illuminate\\Foundation\\Http\\Middleware\\TrimStrings.php(40): Illuminate\\Foundation\\Http\\Middleware\\TransformsRequest->handle(Object(Illuminate\\Http\\Request), Object(Closure))
#58 C:\\xampp\\htdocs\\bundling2\\vendor\\laravel\\framework\\src\\Illuminate\\Pipeline\\Pipeline.php(180): Illuminate\\Foundation\\Http\\Middleware\\TrimStrings->handle(Object(Illuminate\\Http\\Request), Object(Closure))
#59 C:\\xampp\\htdocs\\bundling2\\vendor\\laravel\\framework\\src\\Illuminate\\Foundation\\Http\\Middleware\\ValidatePostSize.php(27): Illuminate\\Pipeline\\Pipeline->Illuminate\\Pipeline\\{closure}(Object(Illuminate\\Http\\Request))
#60 C:\\xampp\\htdocs\\bundling2\\vendor\\laravel\\framework\\src\\Illuminate\\Pipeline\\Pipeline.php(180): Illuminate\\Foundation\\Http\\Middleware\\ValidatePostSize->handle(Object(Illuminate\\Http\\Request), Object(Closure))
#61 C:\\xampp\\htdocs\\bundling2\\vendor\\laravel\\framework\\src\\Illuminate\\Foundation\\Http\\Middleware\\PreventRequestsDuringMaintenance.php(86): Illuminate\\Pipeline\\Pipeline->Illuminate\\Pipeline\\{closure}(Object(Illuminate\\Http\\Request))
#62 C:\\xampp\\htdocs\\bundling2\\vendor\\laravel\\framework\\src\\Illuminate\\Pipeline\\Pipeline.php(180): Illuminate\\Foundation\\Http\\Middleware\\PreventRequestsDuringMaintenance->handle(Object(Illuminate\\Http\\Request), Object(Closure))
#63 C:\\xampp\\htdocs\\bundling2\\vendor\\fruitcake\\laravel-cors\\src\\HandleCors.php(38): Illuminate\\Pipeline\\Pipeline->Illuminate\\Pipeline\\{closure}(Object(Illuminate\\Http\\Request))
#64 C:\\xampp\\htdocs\\bundling2\\vendor\\laravel\\framework\\src\\Illuminate\\Pipeline\\Pipeline.php(180): Fruitcake\\Cors\\HandleCors->handle(Object(Illuminate\\Http\\Request), Object(Closure))
#65 C:\\xampp\\htdocs\\bundling2\\vendor\\laravel\\framework\\src\\Illuminate\\Http\\Middleware\\TrustProxies.php(39): Illuminate\\Pipeline\\Pipeline->Illuminate\\Pipeline\\{closure}(Object(Illuminate\\Http\\Request))
#66 C:\\xampp\\htdocs\\bundling2\\vendor\\laravel\\framework\\src\\Illuminate\\Pipeline\\Pipeline.php(180): Illuminate\\Http\\Middleware\\TrustProxies->handle(Object(Illuminate\\Http\\Request), Object(Closure))
#67 C:\\xampp\\htdocs\\bundling2\\vendor\\laravel\\framework\\src\\Illuminate\\Pipeline\\Pipeline.php(116): Illuminate\\Pipeline\\Pipeline->Illuminate\\Pipeline\\{closure}(Object(Illuminate\\Http\\Request))
#68 C:\\xampp\\htdocs\\bundling2\\vendor\\laravel\\framework\\src\\Illuminate\\Foundation\\Http\\Kernel.php(165): Illuminate\\Pipeline\\Pipeline->then(Object(Closure))
#69 C:\\xampp\\htdocs\\bundling2\\vendor\\laravel\\framework\\src\\Illuminate\\Foundation\\Http\\Kernel.php(134): Illuminate\\Foundation\\Http\\Kernel->sendRequestThroughRouter(Object(Illuminate\\Http\\Request))
#70 C:\\xampp\\htdocs\\bundling2\\public\\index.php(52): Illuminate\\Foundation\\Http\\Kernel->handle(Object(Illuminate\\Http\\Request))
#71 {main}

[previous exception] [object] (ErrorException(code: 0): Attempt to read property \"plan\" on null at C:\\xampp\\htdocs\\bundling2\\storage\\framework\\views\\ef0cebf4c7d64b9fe53b9c077096bab2951675a8.php:10)
[stacktrace]
#0 C:\\xampp\\htdocs\\bundling2\\vendor\\laravel\\framework\\src\\Illuminate\\Foundation\\Bootstrap\\HandleExceptions.php(272): Illuminate\\Foundation\\Bootstrap\\HandleExceptions->handleError(2, 'Attempt to read...', 'C:\\\\xampp\\\\htdocs...', 10)
#1 C:\\xampp\\htdocs\\bundling2\\storage\\framework\\views\\ef0cebf4c7d64b9fe53b9c077096bab2951675a8.php(10): Illuminate\\Foundation\\Bootstrap\\HandleExceptions->Illuminate\\Foundation\\Bootstrap\\{closure}(2, 'Attempt to read...', 'C:\\\\xampp\\\\htdocs...', 10)
#2 C:\\xampp\\htdocs\\bundling2\\vendor\\laravel\\framework\\src\\Illuminate\\Filesystem\\Filesystem.php(109): require('C:\\\\xampp\\\\htdocs...')
#3 C:\\xampp\\htdocs\\bundling2\\vendor\\laravel\\framework\\src\\Illuminate\\Filesystem\\Filesystem.php(110): Illuminate\\Filesystem\\Filesystem::Illuminate\\Filesystem\\{closure}()
#4 C:\\xampp\\htdocs\\bundling2\\vendor\\laravel\\framework\\src\\Illuminate\\View\\Engines\\PhpEngine.php(58): Illuminate\\Filesystem\\Filesystem->getRequire('C:\\\\xampp\\\\htdocs...', Array)
#5 C:\\xampp\\htdocs\\bundling2\\vendor\\livewire\\livewire\\src\\ComponentConcerns\\RendersLivewireComponents.php(69): Illuminate\\View\\Engines\\PhpEngine->evaluatePath('C:\\\\xampp\\\\htdocs...', Array)
#6 C:\\xampp\\htdocs\\bundling2\\vendor\\laravel\\framework\\src\\Illuminate\\View\\Engines\\CompilerEngine.php(70): Livewire\\LivewireViewCompilerEngine->evaluatePath('C:\\\\xampp\\\\htdocs...', Array)
#7 C:\\xampp\\htdocs\\bundling2\\vendor\\livewire\\livewire\\src\\ComponentConcerns\\RendersLivewireComponents.php(35): Illuminate\\View\\Engines\\CompilerEngine->get('C:\\\\xampp\\\\htdocs...', Array)
#8 C:\\xampp\\htdocs\\bundling2\\vendor\\laravel\\framework\\src\\Illuminate\\View\\View.php(195): Livewire\\LivewireViewCompilerEngine->get('C:\\\\xampp\\\\htdocs...', Array)
#9 C:\\xampp\\htdocs\\bundling2\\vendor\\laravel\\framework\\src\\Illuminate\\View\\View.php(178): Illuminate\\View\\View->getContents()
#10 C:\\xampp\\htdocs\\bundling2\\vendor\\laravel\\framework\\src\\Illuminate\\View\\View.php(147): Illuminate\\View\\View->renderContents()
#11 C:\\xampp\\htdocs\\bundling2\\storage\\framework\\views\\d5095c28e77323da76e9154973065b7bb52cfc57.php(123): Illuminate\\View\\View->render()
#12 C:\\xampp\\htdocs\\bundling2\\vendor\\laravel\\framework\\src\\Illuminate\\Filesystem\\Filesystem.php(109): require('C:\\\\xampp\\\\htdocs...')
#13 C:\\xampp\\htdocs\\bundling2\\vendor\\laravel\\framework\\src\\Illuminate\\Filesystem\\Filesystem.php(110): Illuminate\\Filesystem\\Filesystem::Illuminate\\Filesystem\\{closure}()
#14 C:\\xampp\\htdocs\\bundling2\\vendor\\laravel\\framework\\src\\Illuminate\\View\\Engines\\PhpEngine.php(58): Illuminate\\Filesystem\\Filesystem->getRequire('C:\\\\xampp\\\\htdocs...', Array)
#15 C:\\xampp\\htdocs\\bundling2\\vendor\\livewire\\livewire\\src\\ComponentConcerns\\RendersLivewireComponents.php(69): Illuminate\\View\\Engines\\PhpEngine->evaluatePath('C:\\\\xampp\\\\htdocs...', Array)
#16 C:\\xampp\\htdocs\\bundling2\\vendor\\laravel\\framework\\src\\Illuminate\\View\\Engines\\CompilerEngine.php(70): Livewire\\LivewireViewCompilerEngine->evaluatePath('C:\\\\xampp\\\\htdocs...', Array)
#17 C:\\xampp\\htdocs\\bundling2\\vendor\\livewire\\livewire\\src\\ComponentConcerns\\RendersLivewireComponents.php(35): Illuminate\\View\\Engines\\CompilerEngine->get('C:\\\\xampp\\\\htdocs...', Array)
#18 C:\\xampp\\htdocs\\bundling2\\vendor\\laravel\\framework\\src\\Illuminate\\View\\View.php(195): Livewire\\LivewireViewCompilerEngine->get('C:\\\\xampp\\\\htdocs...', Array)
#19 C:\\xampp\\htdocs\\bundling2\\vendor\\laravel\\framework\\src\\Illuminate\\View\\View.php(178): Illuminate\\View\\View->getContents()
#20 C:\\xampp\\htdocs\\bundling2\\vendor\\laravel\\framework\\src\\Illuminate\\View\\View.php(147): Illuminate\\View\\View->renderContents()
#21 C:\\xampp\\htdocs\\bundling2\\vendor\\laravel\\framework\\src\\Illuminate\\Http\\Response.php(69): Illuminate\\View\\View->render()
#22 C:\\xampp\\htdocs\\bundling2\\vendor\\laravel\\framework\\src\\Illuminate\\Http\\Response.php(35): Illuminate\\Http\\Response->setContent(Object(Illuminate\\View\\View))
#23 C:\\xampp\\htdocs\\bundling2\\vendor\\laravel\\framework\\src\\Illuminate\\Routing\\Router.php(906): Illuminate\\Http\\Response->__construct(Object(Illuminate\\View\\View), 200, Array)
#24 C:\\xampp\\htdocs\\bundling2\\vendor\\laravel\\framework\\src\\Illuminate\\Routing\\Router.php(875): Illuminate\\Routing\\Router::toResponse(Object(Illuminate\\Http\\Request), Object(Illuminate\\View\\View))
#25 C:\\xampp\\htdocs\\bundling2\\vendor\\laravel\\framework\\src\\Illuminate\\Routing\\Router.php(798): Illuminate\\Routing\\Router->prepareResponse(Object(Illuminate\\Http\\Request), Object(Illuminate\\View\\View))
#26 C:\\xampp\\htdocs\\bundling2\\vendor\\laravel\\framework\\src\\Illuminate\\Pipeline\\Pipeline.php(141): Illuminate\\Routing\\Router->Illuminate\\Routing\\{closure}(Object(Illuminate\\Http\\Request))
#27 C:\\xampp\\htdocs\\bundling2\\app\\Http\\Middleware\\AuthRsbw.php(61): Illuminate\\Pipeline\\Pipeline->Illuminate\\Pipeline\\{closure}(Object(Illuminate\\Http\\Request))
#28 C:\\xampp\\htdocs\\bundling2\\vendor\\laravel\\framework\\src\\Illuminate\\Pipeline\\Pipeline.php(180): App\\Http\\Middleware\\AuthRsbw->handle(Object(Illuminate\\Http\\Request), Object(Closure))
#29 C:\\xampp\\htdocs\\bundling2\\app\\Http\\Middleware\\ControlPage.php(23): Illuminate\\Pipeline\\Pipeline->Illuminate\\Pipeline\\{closure}(Object(Illuminate\\Http\\Request))
#30 C:\\xampp\\htdocs\\bundling2\\vendor\\laravel\\framework\\src\\Illuminate\\Pipeline\\Pipeline.php(180): App\\Http\\Middleware\\ControlPage->handle(Object(Illuminate\\Http\\Request), Object(Closure))
#31 C:\\xampp\\htdocs\\bundling2\\vendor\\laravel\\framework\\src\\Illuminate\\Routing\\Middleware\\SubstituteBindings.php(50): Illuminate\\Pipeline\\Pipeline->Illuminate\\Pipeline\\{closure}(Object(Illuminate\\Http\\Request))
#32 C:\\xampp\\htdocs\\bundling2\\vendor\\laravel\\framework\\src\\Illuminate\\Pipeline\\Pipeline.php(180): Illuminate\\Routing\\Middleware\\SubstituteBindings->handle(Object(Illuminate\\Http\\Request), Object(Closure))
#33 C:\\xampp\\htdocs\\bundling2\\vendor\\laravel\\framework\\src\\Illuminate\\Foundation\\Http\\Middleware\\VerifyCsrfToken.php(78): Illuminate\\Pipeline\\Pipeline->Illuminate\\Pipeline\\{closure}(Object(Illuminate\\Http\\Request))
#34 C:\\xampp\\htdocs\\bundling2\\vendor\\laravel\\framework\\src\\Illuminate\\Pipeline\\Pipeline.php(180): Illuminate\\Foundation\\Http\\Middleware\\VerifyCsrfToken->handle(Object(Illuminate\\Http\\Request), Object(Closure))
#35 C:\\xampp\\htdocs\\bundling2\\vendor\\laravel\\framework\\src\\Illuminate\\View\\Middleware\\ShareErrorsFromSession.php(49): Illuminate\\Pipeline\\Pipeline->Illuminate\\Pipeline\\{closure}(Object(Illuminate\\Http\\Request))
#36 C:\\xampp\\htdocs\\bundling2\\vendor\\laravel\\framework\\src\\Illuminate\\Pipeline\\Pipeline.php(180): Illuminate\\View\\Middleware\\ShareErrorsFromSession->handle(Object(Illuminate\\Http\\Request), Object(Closure))
#37 C:\\xampp\\htdocs\\bundling2\\vendor\\laravel\\framework\\src\\Illuminate\\Session\\Middleware\\StartSession.php(121): Illuminate\\Pipeline\\Pipeline->Illuminate\\Pipeline\\{closure}(Object(Illuminate\\Http\\Request))
#38 C:\\xampp\\htdocs\\bundling2\\vendor\\laravel\\framework\\src\\Illuminate\\Session\\Middleware\\StartSession.php(64): Illuminate\\Session\\Middleware\\StartSession->handleStatefulRequest(Object(Illuminate\\Http\\Request), Object(Illuminate\\Session\\Store), Object(Closure))
#39 C:\\xampp\\htdocs\\bundling2\\vendor\\laravel\\framework\\src\\Illuminate\\Pipeline\\Pipeline.php(180): Illuminate\\Session\\Middleware\\StartSession->handle(Object(Illuminate\\Http\\Request), Object(Closure))
#40 C:\\xampp\\htdocs\\bundling2\\vendor\\laravel\\framework\\src\\Illuminate\\Cookie\\Middleware\\AddQueuedCookiesToResponse.php(37): Illuminate\\Pipeline\\Pipeline->Illuminate\\Pipeline\\{closure}(Object(Illuminate\\Http\\Request))
#41 C:\\xampp\\htdocs\\bundling2\\vendor\\laravel\\framework\\src\\Illuminate\\Pipeline\\Pipeline.php(180): Illuminate\\Cookie\\Middleware\\AddQueuedCookiesToResponse->handle(Object(Illuminate\\Http\\Request), Object(Closure))
#42 C:\\xampp\\htdocs\\bundling2\\vendor\\laravel\\framework\\src\\Illuminate\\Cookie\\Middleware\\EncryptCookies.php(67): Illuminate\\Pipeline\\Pipeline->Illuminate\\Pipeline\\{closure}(Object(Illuminate\\Http\\Request))
#43 C:\\xampp\\htdocs\\bundling2\\vendor\\laravel\\framework\\src\\Illuminate\\Pipeline\\Pipeline.php(180): Illuminate\\Cookie\\Middleware\\EncryptCookies->handle(Object(Illuminate\\Http\\Request), Object(Closure))
#44 C:\\xampp\\htdocs\\bundling2\\vendor\\laravel\\framework\\src\\Illuminate\\Pipeline\\Pipeline.php(116): Illuminate\\Pipeline\\Pipeline->Illuminate\\Pipeline\\{closure}(Object(Illuminate\\Http\\Request))
#45 C:\\xampp\\htdocs\\bundling2\\vendor\\laravel\\framework\\src\\Illuminate\\Routing\\Router.php(799): Illuminate\\Pipeline\\Pipeline->then(Object(Closure))
#46 C:\\xampp\\htdocs\\bundling2\\vendor\\laravel\\framework\\src\\Illuminate\\Routing\\Router.php(776): Illuminate\\Routing\\Router->runRouteWithinStack(Object(Illuminate\\Routing\\Route), Object(Illuminate\\Http\\Request))
#47 C:\\xampp\\htdocs\\bundling2\\vendor\\laravel\\framework\\src\\Illuminate\\Routing\\Router.php(740): Illuminate\\Routing\\Router->runRoute(Object(Illuminate\\Http\\Request), Object(Illuminate\\Routing\\Route))
#48 C:\\xampp\\htdocs\\bundling2\\vendor\\laravel\\framework\\src\\Illuminate\\Routing\\Router.php(729): Illuminate\\Routing\\Router->dispatchToRoute(Object(Illuminate\\Http\\Request))
#49 C:\\xampp\\htdocs\\bundling2\\vendor\\laravel\\framework\\src\\Illuminate\\Foundation\\Http\\Kernel.php(190): Illuminate\\Routing\\Router->dispatch(Object(Illuminate\\Http\\Request))
#50 C:\\xampp\\htdocs\\bundling2\\vendor\\laravel\\framework\\src\\Illuminate\\Pipeline\\Pipeline.php(141): Illuminate\\Foundation\\Http\\Kernel->Illuminate\\Foundation\\Http\\{closure}(Object(Illuminate\\Http\\Request))
#51 C:\\xampp\\htdocs\\bundling2\\vendor\\livewire\\livewire\\src\\DisableBrowserCache.php(19): Illuminate\\Pipeline\\Pipeline->Illuminate\\Pipeline\\{closure}(Object(Illuminate\\Http\\Request))
#52 C:\\xampp\\htdocs\\bundling2\\vendor\\laravel\\framework\\src\\Illuminate\\Pipeline\\Pipeline.php(180): Livewire\\DisableBrowserCache->handle(Object(Illuminate\\Http\\Request), Object(Closure))
#53 C:\\xampp\\htdocs\\bundling2\\vendor\\laravel\\framework\\src\\Illuminate\\Foundation\\Http\\Middleware\\TransformsRequest.php(21): Illuminate\\Pipeline\\Pipeline->Illuminate\\Pipeline\\{closure}(Object(Illuminate\\Http\\Request))
#54 C:\\xampp\\htdocs\\bundling2\\vendor\\laravel\\framework\\src\\Illuminate\\Foundation\\Http\\Middleware\\ConvertEmptyStringsToNull.php(31): Illuminate\\Foundation\\Http\\Middleware\\TransformsRequest->handle(Object(Illuminate\\Http\\Request), Object(Closure))
#55 C:\\xampp\\htdocs\\bundling2\\vendor\\laravel\\framework\\src\\Illuminate\\Pipeline\\Pipeline.php(180): Illuminate\\Foundation\\Http\\Middleware\\ConvertEmptyStringsToNull->handle(Object(Illuminate\\Http\\Request), Object(Closure))
#56 C:\\xampp\\htdocs\\bundling2\\vendor\\laravel\\framework\\src\\Illuminate\\Foundation\\Http\\Middleware\\TransformsRequest.php(21): Illuminate\\Pipeline\\Pipeline->Illuminate\\Pipeline\\{closure}(Object(Illuminate\\Http\\Request))
#57 C:\\xampp\\htdocs\\bundling2\\vendor\\laravel\\framework\\src\\Illuminate\\Foundation\\Http\\Middleware\\TrimStrings.php(40): Illuminate\\Foundation\\Http\\Middleware\\TransformsRequest->handle(Object(Illuminate\\Http\\Request), Object(Closure))
#58 C:\\xampp\\htdocs\\bundling2\\vendor\\laravel\\framework\\src\\Illuminate\\Pipeline\\Pipeline.php(180): Illuminate\\Foundation\\Http\\Middleware\\TrimStrings->handle(Object(Illuminate\\Http\\Request), Object(Closure))
#59 C:\\xampp\\htdocs\\bundling2\\vendor\\laravel\\framework\\src\\Illuminate\\Foundation\\Http\\Middleware\\ValidatePostSize.php(27): Illuminate\\Pipeline\\Pipeline->Illuminate\\Pipeline\\{closure}(Object(Illuminate\\Http\\Request))
#60 C:\\xampp\\htdocs\\bundling2\\vendor\\laravel\\framework\\src\\Illuminate\\Pipeline\\Pipeline.php(180): Illuminate\\Foundation\\Http\\Middleware\\ValidatePostSize->handle(Object(Illuminate\\Http\\Request), Object(Closure))
#61 C:\\xampp\\htdocs\\bundling2\\vendor\\laravel\\framework\\src\\Illuminate\\Foundation\\Http\\Middleware\\PreventRequestsDuringMaintenance.php(86): Illuminate\\Pipeline\\Pipeline->Illuminate\\Pipeline\\{closure}(Object(Illuminate\\Http\\Request))
#62 C:\\xampp\\htdocs\\bundling2\\vendor\\laravel\\framework\\src\\Illuminate\\Pipeline\\Pipeline.php(180): Illuminate\\Foundation\\Http\\Middleware\\PreventRequestsDuringMaintenance->handle(Object(Illuminate\\Http\\Request), Object(Closure))
#63 C:\\xampp\\htdocs\\bundling2\\vendor\\fruitcake\\laravel-cors\\src\\HandleCors.php(38): Illuminate\\Pipeline\\Pipeline->Illuminate\\Pipeline\\{closure}(Object(Illuminate\\Http\\Request))
#64 C:\\xampp\\htdocs\\bundling2\\vendor\\laravel\\framework\\src\\Illuminate\\Pipeline\\Pipeline.php(180): Fruitcake\\Cors\\HandleCors->handle(Object(Illuminate\\Http\\Request), Object(Closure))
#65 C:\\xampp\\htdocs\\bundling2\\vendor\\laravel\\framework\\src\\Illuminate\\Http\\Middleware\\TrustProxies.php(39): Illuminate\\Pipeline\\Pipeline->Illuminate\\Pipeline\\{closure}(Object(Illuminate\\Http\\Request))
#66 C:\\xampp\\htdocs\\bundling2\\vendor\\laravel\\framework\\src\\Illuminate\\Pipeline\\Pipeline.php(180): Illuminate\\Http\\Middleware\\TrustProxies->handle(Object(Illuminate\\Http\\Request), Object(Closure))
#67 C:\\xampp\\htdocs\\bundling2\\vendor\\laravel\\framework\\src\\Illuminate\\Pipeline\\Pipeline.php(116): Illuminate\\Pipeline\\Pipeline->Illuminate\\Pipeline\\{closure}(Object(Illuminate\\Http\\Request))
#68 C:\\xampp\\htdocs\\bundling2\\vendor\\laravel\\framework\\src\\Illuminate\\Foundation\\Http\\Kernel.php(165): Illuminate\\Pipeline\\Pipeline->then(Object(Closure))
#69 C:\\xampp\\htdocs\\bundling2\\vendor\\laravel\\framework\\src\\Illuminate\\Foundation\\Http\\Kernel.php(134): Illuminate\\Foundation\\Http\\Kernel->sendRequestThroughRouter(Object(Illuminate\\Http\\Request))
#70 C:\\xampp\\htdocs\\bundling2\\public\\index.php(52): Illuminate\\Foundation\\Http\\Kernel->handle(Object(Illuminate\\Http\\Request))
#71 {main}
"} 
